
Running 1 test using 1 worker

PAGE LOG: Auth OK: mock-0-1780711536906 Test
PAGE LOG: [2026-06-06T02:05:37.419Z]  @firebase/firestore: Firestore (10.12.2): enableMultiTabIndexedDbPersistence() will be deprecated in the future, you can use `FirestoreSettings.cache` instead.
  x  1 [chromium] ÔÇ║ tests\e2e\tier1-feature\f1-task-management.spec.ts:81:7 ÔÇ║ Feature 1 - Task Management ÔÇ║ Create a task (30.0s)


  1) [chromium] ÔÇ║ tests\e2e\tier1-feature\f1-task-management.spec.ts:81:7 ÔÇ║ Feature 1 - Task Management ÔÇ║ Create a task 

    [31mTest timeout of 30000ms exceeded while running "beforeEach" hook.[39m

      2 |
      3 | test.describe('Feature 1 - Task Management', () => {
    > 4 |   test.beforeEach(async ({ page }, testInfo) => {
        |        ^
      5 |     page.on('console', msg => console.log('PAGE LOG:', msg.text()));
      6 |     page.on('pageerror', err => console.log('PAGE ERROR:', err.message));
      7 |     await page.route('**/sw.js*', route => route.abort());
        at C:\Users\Bruno\Desktop\activities tracker\tests\e2e\tier1-feature\f1-task-management.spec.ts:4:8

    Error: page.waitForSelector: Test timeout of 30000ms exceeded.
    Call log:
    [2m  - waiting for locator('#tasksView') to be visible[22m
    [2m    61 ├ù locator resolved to hidden <div id="tasksView" class="tasks-view active">ÔÇª</div>[22m


      75 |     await page.goto('/');
      76 |
    > 77 |     await page.waitForSelector('#tasksView', { state: 'visible' });
         |                ^
      78 |     await page.waitForSelector('#btnAdd', { state: 'visible' });
      79 |   });
      80 |
        at C:\Users\Bruno\Desktop\activities tracker\tests\e2e\tier1-feature\f1-task-management.spec.ts:77:16

    Error Context: test-results\tier1-feature-f1-task-mana-fe177-sk-Management-Create-a-task-chromium\error-context.md

  1 failed
    [chromium] ÔÇ║ tests\e2e\tier1-feature\f1-task-management.spec.ts:81:7 ÔÇ║ Feature 1 - Task Management ÔÇ║ Create a task 
